<form action="" method="post" novalidate>


<div class="form-group">
	<label for="frm-text1">Text 1</label>

	<input type="text" name="text1" class="form-control text" id="frm-text1">
</div>

<div class="form-group">
	<label for="frm-text2">Text 2</label>

	<input type="text" name="text2" class="my-text form-control text" id="frm-text2">
</div>

<div class="form-group">
	<label for="frm-select">Select</label>

	<select name="select" class="form-control" id="frm-select"><option value="1">Option 1</option><option value="2">Option 2</option></select>
</div>

<div class="form-group">


	<div class="checkbox"><label for="frm-checkbox"><input type="checkbox" name="checkbox" id="frm-checkbox">Checkbox</label></div>
</div>

<div class="form-group">


	<input type="submit" name="button" class="my-button btn btn-primary button" value="Button">
</div>


</form>
