<form action="" method="post" class="form-inline">


<div class="form-group">
	<label class="col-form-label" for="frm-text1">Text 1</label>

	<input type="text" name="text1" class="form-control mx-sm-3 text" id="frm-text1">
</div>

<div class="form-group">
	<label class="col-form-label" for="frm-text2">Text 2</label>

	<input type="text" name="text2" class="my-text form-control mx-sm-3 text" id="frm-text2">
</div>

<div class="form-group">
	<label class="col-form-label" for="frm-select">Select</label>

	<select name="select" class="form-control mx-sm-3" id="frm-select"><option value="1">Option 1</option><option value="2">Option 2</option></select>
</div>

<div class="form-group">


	<div class="form-check form-check-inline"><label class="col-form-label form-check-label" for="frm-checkbox"><input type="checkbox" name="checkbox" class="form-check-input" id="frm-checkbox">Checkbox</label></div>
</div>

<div class="form-group">


	<input type="submit" name="button" class="my-button btn btn-primary button" value="Button">
</div>


</form>
