<form action="" method="post" novalidate>

<div>
<div class="form-group row">
	<label class="col-form-label col col-sm-2" for="frm-text1">Text 1</label>

	<div class="col col-sm-10"><input type="text" name="text1" class="form-control text" id="frm-text1"></div>
</div>

<div class="form-group row">
	<label class="col-form-label col col-sm-2" for="frm-text2">Text 2</label>

	<div class="col col-sm-10"><input type="text" name="text2" class="my-text form-control text" id="frm-text2"></div>
</div>

<div class="form-group row">
	<label class="col-form-label col col-sm-2" for="frm-select">Select</label>

	<div class="col col-sm-10"><select name="select" class="form-control" id="frm-select"><option value="1">Option 1</option><option value="2">Option 2</option></select></div>
</div>

<div class="form-group row">
	<div class="col col-sm-2"></div>

	<div class="col col-sm-10"><div class="form-check"><label class="form-check-label" for="frm-checkbox"><input type="checkbox" name="checkbox" class="form-check-input" id="frm-checkbox">Checkbox</label></div></div>
</div>

<div class="form-group row">


	<div class="col col-sm-10"><input type="submit" name="button" class="my-button btn btn-primary button" value="Button"></div>
</div>
</div>

</form>
