<form action="" method="post" novalidate>


<div class="form-group">


	<input type="submit" name="button1" class="my-button btn btn-default button" value="Button 1"> <input type="submit" name="button2" class="btn btn-danger button" value="Button 2">
</div>
%A%
</form>
